// Jest Snapshot v1, https://goo.gl/fbAQLP

exports[`List.vue renders the expected HTML structure, with data 1`] = `
<div
  class="list-prompt"
>
  <p
    id="search-propmt"
  >
    
    Submit a search above to get Book data.
  
  </p>
   
  <!---->
</div>
`;

exports[`List.vue renders the expected HTML structure, without data 1`] = `
<div
  class="list-prompt"
>
  <p
    id="search-propmt"
  >
    
    Submit a search above to get Book data.
  
  </p>
   
  <!---->
</div>
`;

exports[`List.vue should render prompt before search 1`] = `
<div
  class="list-prompt"
>
  <p
    id="search-propmt"
  >
    
    Submit a search above to get Book data.
  
  </p>
   
  <!---->
</div>
`;

exports[`List.vue should render results prompt after search 1`] = `
<div
  class="list-prompt"
>
  <!---->
   
  <div>
    <h6
      id="result-propmt"
    >
      Search found 
      <b>
        2770
      </b>
       results for: 
      <em>
        <b
          id="query-read"
        >
          harry potter
        </b>
      </em>
    </h6>
     
    <!---->
  </div>
</div>
`;
