// Jest Snapshot v1, https://goo.gl/fbAQLP

exports[`SortBy.vue renders the expected HTML structure, after search 1`] = `
<span
  id="sort-button-group"
>
  <span>
    Sort By: 
  </span>
   
  <button
    class="relevant-sort-btn active"
    value="relevance"
  >
    
        Relevance
    
  </button>
   
  <button
    class="newest-sort-btn"
    disabled="disabled"
    value="newest"
  >
    
        Newest
    
  </button>
</span>
`;

exports[`SortBy.vue renders the expected HTML structure, before search 1`] = `<!---->`;
